// Jest Snapshot v1, https://goo.gl/fbAQLP

exports[`renders the app 1`] = `
<DocumentFragment>
  <div
    class="App"
  >
    <div
      class="layout"
      data-testid="layout"
    >
      <header
        class="App-header"
      >
        <h1>
          Multiplication Game!
        </h1>
        <h2>
          Instructions: Click a number to show you all the multiples of that number
        </h2>
      </header>
      <div
        class="grid"
        data-testid="grid"
      >
        <button
          class="grid-item"
          data-testid="grid-item-1"
          type="button"
          value="1"
        >
          <p
            class="grid-item__value"
            data-testid="grid-item-value"
          >
            1
          </p>
        </button>
        <button
          class="grid-item"
          data-testid="grid-item-2"
          type="button"
          value="2"
        >
          <p
            class="grid-item__value"
            data-testid="grid-item-value"
          >
            2
          </p>
        </button>
        <button
          class="grid-item"
          data-testid="grid-item-3"
          type="button"
          value="3"
        >
          <p
            class="grid-item__value"
            data-testid="grid-item-value"
          >
            3
          </p>
        </button>
        <button
          class="grid-item"
          data-testid="grid-item-4"
          type="button"
          value="4"
        >
          <p
            class="grid-item__value"
            data-testid="grid-item-value"
          >
            4
          </p>
        </button>
        <button
          class="grid-item"
          data-testid="grid-item-5"
          type="button"
          value="5"
        >
          <p
            class="grid-item__value"
            data-testid="grid-item-value"
          >
            5
          </p>
        </button>
        <button
          class="grid-item"
          data-testid="grid-item-6"
          type="button"
          value="6"
        >
          <p
            class="grid-item__value"
            data-testid="grid-item-value"
          >
            6
          </p>
        </button>
        <button
          class="grid-item"
          data-testid="grid-item-7"
          type="button"
          value="7"
        >
          <p
            class="grid-item__value"
            data-testid="grid-item-value"
          >
            7
          </p>
        </button>
        <button
          class="grid-item"
          data-testid="grid-item-8"
          type="button"
          value="8"
        >
          <p
            class="grid-item__value"
            data-testid="grid-item-value"
          >
            8
          </p>
        </button>
        <button
          class="grid-item"
          data-testid="grid-item-9"
          type="button"
          value="9"
        >
          <p
            class="grid-item__value"
            data-testid="grid-item-value"
          >
            9
          </p>
        </button>
        <button
          class="grid-item"
          data-testid="grid-item-10"
          type="button"
          value="10"
        >
          <p
            class="grid-item__value"
            data-testid="grid-item-value"
          >
            10
          </p>
        </button>
        <button
          class="grid-item"
          data-testid="grid-item-11"
          type="button"
          value="11"
        >
          <p
            class="grid-item__value"
            data-testid="grid-item-value"
          >
            11
          </p>
        </button>
        <button
          class="grid-item"
          data-testid="grid-item-12"
          type="button"
          value="12"
        >
          <p
            class="grid-item__value"
            data-testid="grid-item-value"
          >
            12
          </p>
        </button>
        <button
          class="grid-item"
          data-testid="grid-item-13"
          type="button"
          value="13"
        >
          <p
            class="grid-item__value"
            data-testid="grid-item-value"
          >
            13
          </p>
        </button>
        <button
          class="grid-item"
          data-testid="grid-item-14"
          type="button"
          value="14"
        >
          <p
            class="grid-item__value"
            data-testid="grid-item-value"
          >
            14
          </p>
        </button>
        <button
          class="grid-item"
          data-testid="grid-item-15"
          type="button"
          value="15"
        >
          <p
            class="grid-item__value"
            data-testid="grid-item-value"
          >
            15
          </p>
        </button>
        <button
          class="grid-item"
          data-testid="grid-item-16"
          type="button"
          value="16"
        >
          <p
            class="grid-item__value"
            data-testid="grid-item-value"
          >
            16
          </p>
        </button>
        <button
          class="grid-item"
          data-testid="grid-item-17"
          type="button"
          value="17"
        >
          <p
            class="grid-item__value"
            data-testid="grid-item-value"
          >
            17
          </p>
        </button>
        <button
          class="grid-item"
          data-testid="grid-item-18"
          type="button"
          value="18"
        >
          <p
            class="grid-item__value"
            data-testid="grid-item-value"
          >
            18
          </p>
        </button>
        <button
          class="grid-item"
          data-testid="grid-item-19"
          type="button"
          value="19"
        >
          <p
            class="grid-item__value"
            data-testid="grid-item-value"
          >
            19
          </p>
        </button>
        <button
          class="grid-item"
          data-testid="grid-item-20"
          type="button"
          value="20"
        >
          <p
            class="grid-item__value"
            data-testid="grid-item-value"
          >
            20
          </p>
        </button>
        <button
          class="grid-item"
          data-testid="grid-item-21"
          type="button"
          value="21"
        >
          <p
            class="grid-item__value"
            data-testid="grid-item-value"
          >
            21
          </p>
        </button>
        <button
          class="grid-item"
          data-testid="grid-item-22"
          type="button"
          value="22"
        >
          <p
            class="grid-item__value"
            data-testid="grid-item-value"
          >
            22
          </p>
        </button>
        <button
          class="grid-item"
          data-testid="grid-item-23"
          type="button"
          value="23"
        >
          <p
            class="grid-item__value"
            data-testid="grid-item-value"
          >
            23
          </p>
        </button>
        <button
          class="grid-item"
          data-testid="grid-item-24"
          type="button"
          value="24"
        >
          <p
            class="grid-item__value"
            data-testid="grid-item-value"
          >
            24
          </p>
        </button>
        <button
          class="grid-item"
          data-testid="grid-item-25"
          type="button"
          value="25"
        >
          <p
            class="grid-item__value"
            data-testid="grid-item-value"
          >
            25
          </p>
        </button>
        <button
          class="grid-item"
          data-testid="grid-item-26"
          type="button"
          value="26"
        >
          <p
            class="grid-item__value"
            data-testid="grid-item-value"
          >
            26
          </p>
        </button>
        <button
          class="grid-item"
          data-testid="grid-item-27"
          type="button"
          value="27"
        >
          <p
            class="grid-item__value"
            data-testid="grid-item-value"
          >
            27
          </p>
        </button>
        <button
          class="grid-item"
          data-testid="grid-item-28"
          type="button"
          value="28"
        >
          <p
            class="grid-item__value"
            data-testid="grid-item-value"
          >
            28
          </p>
        </button>
        <button
          class="grid-item"
          data-testid="grid-item-29"
          type="button"
          value="29"
        >
          <p
            class="grid-item__value"
            data-testid="grid-item-value"
          >
            29
          </p>
        </button>
        <button
          class="grid-item"
          data-testid="grid-item-30"
          type="button"
          value="30"
        >
          <p
            class="grid-item__value"
            data-testid="grid-item-value"
          >
            30
          </p>
        </button>
        <button
          class="grid-item"
          data-testid="grid-item-31"
          type="button"
          value="31"
        >
          <p
            class="grid-item__value"
            data-testid="grid-item-value"
          >
            31
          </p>
        </button>
        <button
          class="grid-item"
          data-testid="grid-item-32"
          type="button"
          value="32"
        >
          <p
            class="grid-item__value"
            data-testid="grid-item-value"
          >
            32
          </p>
        </button>
        <button
          class="grid-item"
          data-testid="grid-item-33"
          type="button"
          value="33"
        >
          <p
            class="grid-item__value"
            data-testid="grid-item-value"
          >
            33
          </p>
        </button>
        <button
          class="grid-item"
          data-testid="grid-item-34"
          type="button"
          value="34"
        >
          <p
            class="grid-item__value"
            data-testid="grid-item-value"
          >
            34
          </p>
        </button>
        <button
          class="grid-item"
          data-testid="grid-item-35"
          type="button"
          value="35"
        >
          <p
            class="grid-item__value"
            data-testid="grid-item-value"
          >
            35
          </p>
        </button>
        <button
          class="grid-item"
          data-testid="grid-item-36"
          type="button"
          value="36"
        >
          <p
            class="grid-item__value"
            data-testid="grid-item-value"
          >
            36
          </p>
        </button>
        <button
          class="grid-item"
          data-testid="grid-item-37"
          type="button"
          value="37"
        >
          <p
            class="grid-item__value"
            data-testid="grid-item-value"
          >
            37
          </p>
        </button>
        <button
          class="grid-item"
          data-testid="grid-item-38"
          type="button"
          value="38"
        >
          <p
            class="grid-item__value"
            data-testid="grid-item-value"
          >
            38
          </p>
        </button>
        <button
          class="grid-item"
          data-testid="grid-item-39"
          type="button"
          value="39"
        >
          <p
            class="grid-item__value"
            data-testid="grid-item-value"
          >
            39
          </p>
        </button>
        <button
          class="grid-item"
          data-testid="grid-item-40"
          type="button"
          value="40"
        >
          <p
            class="grid-item__value"
            data-testid="grid-item-value"
          >
            40
          </p>
        </button>
        <button
          class="grid-item"
          data-testid="grid-item-41"
          type="button"
          value="41"
        >
          <p
            class="grid-item__value"
            data-testid="grid-item-value"
          >
            41
          </p>
        </button>
        <button
          class="grid-item"
          data-testid="grid-item-42"
          type="button"
          value="42"
        >
          <p
            class="grid-item__value"
            data-testid="grid-item-value"
          >
            42
          </p>
        </button>
        <button
          class="grid-item"
          data-testid="grid-item-43"
          type="button"
          value="43"
        >
          <p
            class="grid-item__value"
            data-testid="grid-item-value"
          >
            43
          </p>
        </button>
        <button
          class="grid-item"
          data-testid="grid-item-44"
          type="button"
          value="44"
        >
          <p
            class="grid-item__value"
            data-testid="grid-item-value"
          >
            44
          </p>
        </button>
        <button
          class="grid-item"
          data-testid="grid-item-45"
          type="button"
          value="45"
        >
          <p
            class="grid-item__value"
            data-testid="grid-item-value"
          >
            45
          </p>
        </button>
        <button
          class="grid-item"
          data-testid="grid-item-46"
          type="button"
          value="46"
        >
          <p
            class="grid-item__value"
            data-testid="grid-item-value"
          >
            46
          </p>
        </button>
        <button
          class="grid-item"
          data-testid="grid-item-47"
          type="button"
          value="47"
        >
          <p
            class="grid-item__value"
            data-testid="grid-item-value"
          >
            47
          </p>
        </button>
        <button
          class="grid-item"
          data-testid="grid-item-48"
          type="button"
          value="48"
        >
          <p
            class="grid-item__value"
            data-testid="grid-item-value"
          >
            48
          </p>
        </button>
        <button
          class="grid-item"
          data-testid="grid-item-49"
          type="button"
          value="49"
        >
          <p
            class="grid-item__value"
            data-testid="grid-item-value"
          >
            49
          </p>
        </button>
        <button
          class="grid-item"
          data-testid="grid-item-50"
          type="button"
          value="50"
        >
          <p
            class="grid-item__value"
            data-testid="grid-item-value"
          >
            50
          </p>
        </button>
        <button
          class="grid-item"
          data-testid="grid-item-51"
          type="button"
          value="51"
        >
          <p
            class="grid-item__value"
            data-testid="grid-item-value"
          >
            51
          </p>
        </button>
        <button
          class="grid-item"
          data-testid="grid-item-52"
          type="button"
          value="52"
        >
          <p
            class="grid-item__value"
            data-testid="grid-item-value"
          >
            52
          </p>
        </button>
        <button
          class="grid-item"
          data-testid="grid-item-53"
          type="button"
          value="53"
        >
          <p
            class="grid-item__value"
            data-testid="grid-item-value"
          >
            53
          </p>
        </button>
        <button
          class="grid-item"
          data-testid="grid-item-54"
          type="button"
          value="54"
        >
          <p
            class="grid-item__value"
            data-testid="grid-item-value"
          >
            54
          </p>
        </button>
        <button
          class="grid-item"
          data-testid="grid-item-55"
          type="button"
          value="55"
        >
          <p
            class="grid-item__value"
            data-testid="grid-item-value"
          >
            55
          </p>
        </button>
        <button
          class="grid-item"
          data-testid="grid-item-56"
          type="button"
          value="56"
        >
          <p
            class="grid-item__value"
            data-testid="grid-item-value"
          >
            56
          </p>
        </button>
        <button
          class="grid-item"
          data-testid="grid-item-57"
          type="button"
          value="57"
        >
          <p
            class="grid-item__value"
            data-testid="grid-item-value"
          >
            57
          </p>
        </button>
        <button
          class="grid-item"
          data-testid="grid-item-58"
          type="button"
          value="58"
        >
          <p
            class="grid-item__value"
            data-testid="grid-item-value"
          >
            58
          </p>
        </button>
        <button
          class="grid-item"
          data-testid="grid-item-59"
          type="button"
          value="59"
        >
          <p
            class="grid-item__value"
            data-testid="grid-item-value"
          >
            59
          </p>
        </button>
        <button
          class="grid-item"
          data-testid="grid-item-60"
          type="button"
          value="60"
        >
          <p
            class="grid-item__value"
            data-testid="grid-item-value"
          >
            60
          </p>
        </button>
        <button
          class="grid-item"
          data-testid="grid-item-61"
          type="button"
          value="61"
        >
          <p
            class="grid-item__value"
            data-testid="grid-item-value"
          >
            61
          </p>
        </button>
        <button
          class="grid-item"
          data-testid="grid-item-62"
          type="button"
          value="62"
        >
          <p
            class="grid-item__value"
            data-testid="grid-item-value"
          >
            62
          </p>
        </button>
        <button
          class="grid-item"
          data-testid="grid-item-63"
          type="button"
          value="63"
        >
          <p
            class="grid-item__value"
            data-testid="grid-item-value"
          >
            63
          </p>
        </button>
        <button
          class="grid-item"
          data-testid="grid-item-64"
          type="button"
          value="64"
        >
          <p
            class="grid-item__value"
            data-testid="grid-item-value"
          >
            64
          </p>
        </button>
        <button
          class="grid-item"
          data-testid="grid-item-65"
          type="button"
          value="65"
        >
          <p
            class="grid-item__value"
            data-testid="grid-item-value"
          >
            65
          </p>
        </button>
        <button
          class="grid-item"
          data-testid="grid-item-66"
          type="button"
          value="66"
        >
          <p
            class="grid-item__value"
            data-testid="grid-item-value"
          >
            66
          </p>
        </button>
        <button
          class="grid-item"
          data-testid="grid-item-67"
          type="button"
          value="67"
        >
          <p
            class="grid-item__value"
            data-testid="grid-item-value"
          >
            67
          </p>
        </button>
        <button
          class="grid-item"
          data-testid="grid-item-68"
          type="button"
          value="68"
        >
          <p
            class="grid-item__value"
            data-testid="grid-item-value"
          >
            68
          </p>
        </button>
        <button
          class="grid-item"
          data-testid="grid-item-69"
          type="button"
          value="69"
        >
          <p
            class="grid-item__value"
            data-testid="grid-item-value"
          >
            69
          </p>
        </button>
        <button
          class="grid-item"
          data-testid="grid-item-70"
          type="button"
          value="70"
        >
          <p
            class="grid-item__value"
            data-testid="grid-item-value"
          >
            70
          </p>
        </button>
        <button
          class="grid-item"
          data-testid="grid-item-71"
          type="button"
          value="71"
        >
          <p
            class="grid-item__value"
            data-testid="grid-item-value"
          >
            71
          </p>
        </button>
        <button
          class="grid-item"
          data-testid="grid-item-72"
          type="button"
          value="72"
        >
          <p
            class="grid-item__value"
            data-testid="grid-item-value"
          >
            72
          </p>
        </button>
        <button
          class="grid-item"
          data-testid="grid-item-73"
          type="button"
          value="73"
        >
          <p
            class="grid-item__value"
            data-testid="grid-item-value"
          >
            73
          </p>
        </button>
        <button
          class="grid-item"
          data-testid="grid-item-74"
          type="button"
          value="74"
        >
          <p
            class="grid-item__value"
            data-testid="grid-item-value"
          >
            74
          </p>
        </button>
        <button
          class="grid-item"
          data-testid="grid-item-75"
          type="button"
          value="75"
        >
          <p
            class="grid-item__value"
            data-testid="grid-item-value"
          >
            75
          </p>
        </button>
        <button
          class="grid-item"
          data-testid="grid-item-76"
          type="button"
          value="76"
        >
          <p
            class="grid-item__value"
            data-testid="grid-item-value"
          >
            76
          </p>
        </button>
        <button
          class="grid-item"
          data-testid="grid-item-77"
          type="button"
          value="77"
        >
          <p
            class="grid-item__value"
            data-testid="grid-item-value"
          >
            77
          </p>
        </button>
        <button
          class="grid-item"
          data-testid="grid-item-78"
          type="button"
          value="78"
        >
          <p
            class="grid-item__value"
            data-testid="grid-item-value"
          >
            78
          </p>
        </button>
        <button
          class="grid-item"
          data-testid="grid-item-79"
          type="button"
          value="79"
        >
          <p
            class="grid-item__value"
            data-testid="grid-item-value"
          >
            79
          </p>
        </button>
        <button
          class="grid-item"
          data-testid="grid-item-80"
          type="button"
          value="80"
        >
          <p
            class="grid-item__value"
            data-testid="grid-item-value"
          >
            80
          </p>
        </button>
        <button
          class="grid-item"
          data-testid="grid-item-81"
          type="button"
          value="81"
        >
          <p
            class="grid-item__value"
            data-testid="grid-item-value"
          >
            81
          </p>
        </button>
        <button
          class="grid-item"
          data-testid="grid-item-82"
          type="button"
          value="82"
        >
          <p
            class="grid-item__value"
            data-testid="grid-item-value"
          >
            82
          </p>
        </button>
        <button
          class="grid-item"
          data-testid="grid-item-83"
          type="button"
          value="83"
        >
          <p
            class="grid-item__value"
            data-testid="grid-item-value"
          >
            83
          </p>
        </button>
        <button
          class="grid-item"
          data-testid="grid-item-84"
          type="button"
          value="84"
        >
          <p
            class="grid-item__value"
            data-testid="grid-item-value"
          >
            84
          </p>
        </button>
        <button
          class="grid-item"
          data-testid="grid-item-85"
          type="button"
          value="85"
        >
          <p
            class="grid-item__value"
            data-testid="grid-item-value"
          >
            85
          </p>
        </button>
        <button
          class="grid-item"
          data-testid="grid-item-86"
          type="button"
          value="86"
        >
          <p
            class="grid-item__value"
            data-testid="grid-item-value"
          >
            86
          </p>
        </button>
        <button
          class="grid-item"
          data-testid="grid-item-87"
          type="button"
          value="87"
        >
          <p
            class="grid-item__value"
            data-testid="grid-item-value"
          >
            87
          </p>
        </button>
        <button
          class="grid-item"
          data-testid="grid-item-88"
          type="button"
          value="88"
        >
          <p
            class="grid-item__value"
            data-testid="grid-item-value"
          >
            88
          </p>
        </button>
        <button
          class="grid-item"
          data-testid="grid-item-89"
          type="button"
          value="89"
        >
          <p
            class="grid-item__value"
            data-testid="grid-item-value"
          >
            89
          </p>
        </button>
        <button
          class="grid-item"
          data-testid="grid-item-90"
          type="button"
          value="90"
        >
          <p
            class="grid-item__value"
            data-testid="grid-item-value"
          >
            90
          </p>
        </button>
        <button
          class="grid-item"
          data-testid="grid-item-91"
          type="button"
          value="91"
        >
          <p
            class="grid-item__value"
            data-testid="grid-item-value"
          >
            91
          </p>
        </button>
        <button
          class="grid-item"
          data-testid="grid-item-92"
          type="button"
          value="92"
        >
          <p
            class="grid-item__value"
            data-testid="grid-item-value"
          >
            92
          </p>
        </button>
        <button
          class="grid-item"
          data-testid="grid-item-93"
          type="button"
          value="93"
        >
          <p
            class="grid-item__value"
            data-testid="grid-item-value"
          >
            93
          </p>
        </button>
        <button
          class="grid-item"
          data-testid="grid-item-94"
          type="button"
          value="94"
        >
          <p
            class="grid-item__value"
            data-testid="grid-item-value"
          >
            94
          </p>
        </button>
        <button
          class="grid-item"
          data-testid="grid-item-95"
          type="button"
          value="95"
        >
          <p
            class="grid-item__value"
            data-testid="grid-item-value"
          >
            95
          </p>
        </button>
        <button
          class="grid-item"
          data-testid="grid-item-96"
          type="button"
          value="96"
        >
          <p
            class="grid-item__value"
            data-testid="grid-item-value"
          >
            96
          </p>
        </button>
        <button
          class="grid-item"
          data-testid="grid-item-97"
          type="button"
          value="97"
        >
          <p
            class="grid-item__value"
            data-testid="grid-item-value"
          >
            97
          </p>
        </button>
        <button
          class="grid-item"
          data-testid="grid-item-98"
          type="button"
          value="98"
        >
          <p
            class="grid-item__value"
            data-testid="grid-item-value"
          >
            98
          </p>
        </button>
        <button
          class="grid-item"
          data-testid="grid-item-99"
          type="button"
          value="99"
        >
          <p
            class="grid-item__value"
            data-testid="grid-item-value"
          >
            99
          </p>
        </button>
        <button
          class="grid-item"
          data-testid="grid-item-100"
          type="button"
          value="100"
        >
          <p
            class="grid-item__value"
            data-testid="grid-item-value"
          >
            100
          </p>
        </button>
        <button
          class="grid-item"
          data-testid="grid-item-101"
          type="button"
          value="101"
        >
          <p
            class="grid-item__value"
            data-testid="grid-item-value"
          >
            101
          </p>
        </button>
        <button
          class="grid-item"
          data-testid="grid-item-102"
          type="button"
          value="102"
        >
          <p
            class="grid-item__value"
            data-testid="grid-item-value"
          >
            102
          </p>
        </button>
        <button
          class="grid-item"
          data-testid="grid-item-103"
          type="button"
          value="103"
        >
          <p
            class="grid-item__value"
            data-testid="grid-item-value"
          >
            103
          </p>
        </button>
        <button
          class="grid-item"
          data-testid="grid-item-104"
          type="button"
          value="104"
        >
          <p
            class="grid-item__value"
            data-testid="grid-item-value"
          >
            104
          </p>
        </button>
        <button
          class="grid-item"
          data-testid="grid-item-105"
          type="button"
          value="105"
        >
          <p
            class="grid-item__value"
            data-testid="grid-item-value"
          >
            105
          </p>
        </button>
        <button
          class="grid-item"
          data-testid="grid-item-106"
          type="button"
          value="106"
        >
          <p
            class="grid-item__value"
            data-testid="grid-item-value"
          >
            106
          </p>
        </button>
        <button
          class="grid-item"
          data-testid="grid-item-107"
          type="button"
          value="107"
        >
          <p
            class="grid-item__value"
            data-testid="grid-item-value"
          >
            107
          </p>
        </button>
        <button
          class="grid-item"
          data-testid="grid-item-108"
          type="button"
          value="108"
        >
          <p
            class="grid-item__value"
            data-testid="grid-item-value"
          >
            108
          </p>
        </button>
        <button
          class="grid-item"
          data-testid="grid-item-109"
          type="button"
          value="109"
        >
          <p
            class="grid-item__value"
            data-testid="grid-item-value"
          >
            109
          </p>
        </button>
        <button
          class="grid-item"
          data-testid="grid-item-110"
          type="button"
          value="110"
        >
          <p
            class="grid-item__value"
            data-testid="grid-item-value"
          >
            110
          </p>
        </button>
        <button
          class="grid-item"
          data-testid="grid-item-111"
          type="button"
          value="111"
        >
          <p
            class="grid-item__value"
            data-testid="grid-item-value"
          >
            111
          </p>
        </button>
        <button
          class="grid-item"
          data-testid="grid-item-112"
          type="button"
          value="112"
        >
          <p
            class="grid-item__value"
            data-testid="grid-item-value"
          >
            112
          </p>
        </button>
        <button
          class="grid-item"
          data-testid="grid-item-113"
          type="button"
          value="113"
        >
          <p
            class="grid-item__value"
            data-testid="grid-item-value"
          >
            113
          </p>
        </button>
        <button
          class="grid-item"
          data-testid="grid-item-114"
          type="button"
          value="114"
        >
          <p
            class="grid-item__value"
            data-testid="grid-item-value"
          >
            114
          </p>
        </button>
        <button
          class="grid-item"
          data-testid="grid-item-115"
          type="button"
          value="115"
        >
          <p
            class="grid-item__value"
            data-testid="grid-item-value"
          >
            115
          </p>
        </button>
        <button
          class="grid-item"
          data-testid="grid-item-116"
          type="button"
          value="116"
        >
          <p
            class="grid-item__value"
            data-testid="grid-item-value"
          >
            116
          </p>
        </button>
        <button
          class="grid-item"
          data-testid="grid-item-117"
          type="button"
          value="117"
        >
          <p
            class="grid-item__value"
            data-testid="grid-item-value"
          >
            117
          </p>
        </button>
        <button
          class="grid-item"
          data-testid="grid-item-118"
          type="button"
          value="118"
        >
          <p
            class="grid-item__value"
            data-testid="grid-item-value"
          >
            118
          </p>
        </button>
        <button
          class="grid-item"
          data-testid="grid-item-119"
          type="button"
          value="119"
        >
          <p
            class="grid-item__value"
            data-testid="grid-item-value"
          >
            119
          </p>
        </button>
        <button
          class="grid-item"
          data-testid="grid-item-120"
          type="button"
          value="120"
        >
          <p
            class="grid-item__value"
            data-testid="grid-item-value"
          >
            120
          </p>
        </button>
        <button
          class="grid-item"
          data-testid="grid-item-121"
          type="button"
          value="121"
        >
          <p
            class="grid-item__value"
            data-testid="grid-item-value"
          >
            121
          </p>
        </button>
        <button
          class="grid-item"
          data-testid="grid-item-122"
          type="button"
          value="122"
        >
          <p
            class="grid-item__value"
            data-testid="grid-item-value"
          >
            122
          </p>
        </button>
        <button
          class="grid-item"
          data-testid="grid-item-123"
          type="button"
          value="123"
        >
          <p
            class="grid-item__value"
            data-testid="grid-item-value"
          >
            123
          </p>
        </button>
        <button
          class="grid-item"
          data-testid="grid-item-124"
          type="button"
          value="124"
        >
          <p
            class="grid-item__value"
            data-testid="grid-item-value"
          >
            124
          </p>
        </button>
        <button
          class="grid-item"
          data-testid="grid-item-125"
          type="button"
          value="125"
        >
          <p
            class="grid-item__value"
            data-testid="grid-item-value"
          >
            125
          </p>
        </button>
        <button
          class="grid-item"
          data-testid="grid-item-126"
          type="button"
          value="126"
        >
          <p
            class="grid-item__value"
            data-testid="grid-item-value"
          >
            126
          </p>
        </button>
        <button
          class="grid-item"
          data-testid="grid-item-127"
          type="button"
          value="127"
        >
          <p
            class="grid-item__value"
            data-testid="grid-item-value"
          >
            127
          </p>
        </button>
        <button
          class="grid-item"
          data-testid="grid-item-128"
          type="button"
          value="128"
        >
          <p
            class="grid-item__value"
            data-testid="grid-item-value"
          >
            128
          </p>
        </button>
        <button
          class="grid-item"
          data-testid="grid-item-129"
          type="button"
          value="129"
        >
          <p
            class="grid-item__value"
            data-testid="grid-item-value"
          >
            129
          </p>
        </button>
        <button
          class="grid-item"
          data-testid="grid-item-130"
          type="button"
          value="130"
        >
          <p
            class="grid-item__value"
            data-testid="grid-item-value"
          >
            130
          </p>
        </button>
        <button
          class="grid-item"
          data-testid="grid-item-131"
          type="button"
          value="131"
        >
          <p
            class="grid-item__value"
            data-testid="grid-item-value"
          >
            131
          </p>
        </button>
        <button
          class="grid-item"
          data-testid="grid-item-132"
          type="button"
          value="132"
        >
          <p
            class="grid-item__value"
            data-testid="grid-item-value"
          >
            132
          </p>
        </button>
        <button
          class="grid-item"
          data-testid="grid-item-133"
          type="button"
          value="133"
        >
          <p
            class="grid-item__value"
            data-testid="grid-item-value"
          >
            133
          </p>
        </button>
        <button
          class="grid-item"
          data-testid="grid-item-134"
          type="button"
          value="134"
        >
          <p
            class="grid-item__value"
            data-testid="grid-item-value"
          >
            134
          </p>
        </button>
        <button
          class="grid-item"
          data-testid="grid-item-135"
          type="button"
          value="135"
        >
          <p
            class="grid-item__value"
            data-testid="grid-item-value"
          >
            135
          </p>
        </button>
        <button
          class="grid-item"
          data-testid="grid-item-136"
          type="button"
          value="136"
        >
          <p
            class="grid-item__value"
            data-testid="grid-item-value"
          >
            136
          </p>
        </button>
        <button
          class="grid-item"
          data-testid="grid-item-137"
          type="button"
          value="137"
        >
          <p
            class="grid-item__value"
            data-testid="grid-item-value"
          >
            137
          </p>
        </button>
        <button
          class="grid-item"
          data-testid="grid-item-138"
          type="button"
          value="138"
        >
          <p
            class="grid-item__value"
            data-testid="grid-item-value"
          >
            138
          </p>
        </button>
        <button
          class="grid-item"
          data-testid="grid-item-139"
          type="button"
          value="139"
        >
          <p
            class="grid-item__value"
            data-testid="grid-item-value"
          >
            139
          </p>
        </button>
        <button
          class="grid-item"
          data-testid="grid-item-140"
          type="button"
          value="140"
        >
          <p
            class="grid-item__value"
            data-testid="grid-item-value"
          >
            140
          </p>
        </button>
        <button
          class="grid-item"
          data-testid="grid-item-141"
          type="button"
          value="141"
        >
          <p
            class="grid-item__value"
            data-testid="grid-item-value"
          >
            141
          </p>
        </button>
        <button
          class="grid-item"
          data-testid="grid-item-142"
          type="button"
          value="142"
        >
          <p
            class="grid-item__value"
            data-testid="grid-item-value"
          >
            142
          </p>
        </button>
        <button
          class="grid-item"
          data-testid="grid-item-143"
          type="button"
          value="143"
        >
          <p
            class="grid-item__value"
            data-testid="grid-item-value"
          >
            143
          </p>
        </button>
        <button
          class="grid-item"
          data-testid="grid-item-144"
          type="button"
          value="144"
        >
          <p
            class="grid-item__value"
            data-testid="grid-item-value"
          >
            144
          </p>
        </button>
      </div>
    </div>
  </div>
</DocumentFragment>
`;
